[device0] 2026-09-28 15:01:25.059 - Successfully created shm[P308868F-preallocate] with size[2147483648]
[device0] 2026-09-28 15:01:25.059 - Completed create_shm_and_pin, total time: 2472 ms
set shm[1091593729] failed for fd[70], err[22]
copy to shm[1075340802] failed for fd[70], err[22]
copy to shm[1075340802] failed for fd[70], err[22]
copy to shm[1075340802] failed for fd[70], err[22]
copy to shm[1075340802] failed for fd[70], err[22]
copy to shm[1075340802] failed for fd[70], err[22]
copy to shm[1075340802] failed for fd[70], err[22]
copy to shm[1075340802] failed for fd[70], err[22]
copy to shm[1075340802] failed for fd[70], err[22]
[device0] 2026-09-28 15:01:41.968 - Completed load_safetensors_to_device, readHeader time: 21 ms, bind fd time: 0 ms, read time: 15835 ms, copyToDevice time: 890 ms, total time: 16749 ms
unbind_shm failed for fd[70] err[22]
[device0] 2026-09-28 15:01:41.968 - Failed to unbind shm[P308868F-preallocate]
{"path": "/mnt/hf3fs/3fs/models/kimi/kimi-k3-4layers/model-00002-of-000007.safetensors", "size": 16990911504, "seconds": 16.758244762197137, "tensor_count": 5404, "samples": [{"key": "language_model.model.layers.1.block_sparse_moe.experts.0.w1.weight_packed", "shape": [3072, 1792], "dtype": "torch.uint8", "sample_sha256": "23cb64a1dc87301cf5d44da71a2c56ba70d35e35d60873db9b7ff1ac5d070e38"}, {"key": "language_model.model.layers.1.block_sparse_moe.experts.503.w2.weight_packed", "shape": [3584, 1536], "dtype": "torch.uint8", "sample_sha256": "253dede00508847bfe2d29139004f7677fbc2a7197749028e7754377b5e10d78"}, {"key": "language_model.model.layers.1.self_attn.v_proj.weight", "shape": [12288, 7168], "dtype": "torch.bfloat16", "sample_sha256": "e6929d9e68d03ce06b10a76ea3746876a7e80396ac693dccc88db63fd493abcd"}]}
set shm[1091593729] failed for fd[70], err[22]
copy to shm[1075340802] failed for fd[70], err[22]
copy to shm[1075340802] failed for fd[70], err[22]
copy to shm[1075340802] failed for fd[70], err[22]
copy to shm[1075340802] failed for fd[70], err[22]
copy to shm[1075340802] failed for fd[70], err[22]
copy to shm[1075340802] failed for fd[70], err[22]
copy to shm[1075340802] failed for fd[70], err[22]
copy to shm[1075340802] failed for fd[70], err[22]
[device0] 2026-09-28 15:01:59.386 - Completed load_safetensors_to_device, readHeader time: 17 ms, bind fd time: 0 ms, read time: 15017 ms, copyToDevice time: 1647 ms, total time: 16684 ms
unbind_shm failed for fd[70] err[22]
[device0] 2026-09-28 15:01:59.386 - Failed to unbind shm[P308868F-preallocate]
{"path": "/mnt/hf3fs/3fs/models/kimi/kimi-k3-4layers/model-00003-of-000007.safetensors", "size": 16990911504, "seconds": 16.690870977938175, "tensor_count": 5404, "samples": [{"key": "language_model.model.layers.2.block_sparse_moe.experts.0.w1.weight_packed", "shape": [3072, 1792], "dtype": "torch.uint8", "sample_sha256": "d03414f8a24fbddb84a53080c84a13a560f633dd5e27875958682aaa8603c267"}, {"key": "language_model.model.layers.2.block_sparse_moe.experts.503.w2.weight_packed", "shape": [3584, 1536], "dtype": "torch.uint8", "sample_sha256": "e224174091d4c8e630a1d9018f920fb509d1f346170b1837f7485315c1f9a3d5"}, {"key": "language_model.model.layers.2.self_attn.v_proj.weight", "shape": [12288, 7168], "dtype": "torch.bfloat16", "sample_sha256": "f3108317341585d750c49124ac626caefbc9e23c6a9d49a390eee4e60634c2f2"}]}
[device0] 2026-09-28 15:02:00.051 - Releasing shm[P308868F-preallocate] with size[2147483648]
