FlexLB offered traffic: requests=30000 target_qps=3000 offered_qps=3000.1 pacing_lag_avg_us=12372.012 issue_call_avg_us=77.945
FlexLB client latency: requests=30000 target_qps=3000 client_avg=235.999ms
FlexLB offered traffic: requests=30000 target_qps=3000 offered_qps=3000.1 pacing_lag_avg_us=1834.018 issue_call_avg_us=16.946
FlexLB client latency: requests=30000 target_qps=3000 client_avg=22.682ms
FlexLB Master engine-scale E2E: delivery=BATCH decision=FIXED_WINDOW prefill=750 decode=750 target_qps=3000 requests=30000 client_qps=2996.7 master_qps=3000.7 master_avg=20.058ms client_p50=10.962ms client_p90=14.605ms client_p95=78.453ms client_p99=317.343ms master_p50=10ms master_p90=11ms master_p95=34ms master_p99=317ms active_prefill_rpc=750 active_prefill_route=750 active_decode_route=750 batch_wait_count=30000 batch_wait_p50=10ms batch_wait_p90=10ms batch_wait_p95=26ms batch_wait_p99=304ms delivery_wait_count=30000 delivery_wait_p50=10ms delivery_wait_p90=10ms delivery_wait_p95=11ms delivery_wait_p99=15ms dispatch_ack_count=2905 dispatch_ack_p99=1ms engine_batches=29903 batch_full=0 window_timeout=29903 predicted_execution_cap=0 single_request=0 avg_batch=1.00 max_batch=4 grpc_queue_p99=<1ms route_submit_p99=4ms ack_response_count=2905 ack_response_p99=<1ms terminal_without_ack_count=27095
FlexLB offered traffic: requests=100000 target_qps=10000 offered_qps=10000.1 pacing_lag_avg_us=8388.221 issue_call_avg_us=17.420
FlexLB client latency: requests=100000 target_qps=10000 client_avg=32.299ms
FlexLB offered traffic: requests=100000 target_qps=10000 offered_qps=10000.1 pacing_lag_avg_us=1954.617 issue_call_avg_us=13.449
FlexLB client latency: requests=100000 target_qps=10000 client_avg=14.494ms
FlexLB Master engine-scale E2E: delivery=BATCH decision=FIXED_WINDOW prefill=750 decode=750 target_qps=10000 requests=100000 client_qps=9988.9 master_qps=10003.3 master_avg=11.689ms client_p50=11.037ms client_p90=23.302ms client_p95=42.561ms client_p99=59.629ms master_p50=10ms master_p90=13ms master_p95=18ms master_p99=47ms active_prefill_rpc=750 active_prefill_route=750 active_decode_route=750 batch_wait_count=100000 batch_wait_p50=10ms batch_wait_p90=10ms batch_wait_p95=10ms batch_wait_p99=44ms delivery_wait_count=100000 delivery_wait_p50=10ms delivery_wait_p90=10ms delivery_wait_p95=11ms delivery_wait_p99=44ms dispatch_ack_count=18560 dispatch_ack_p99=1ms engine_batches=100000 batch_full=0 window_timeout=100000 predicted_execution_cap=0 single_request=0 avg_batch=1.00 max_batch=1 grpc_queue_p99=<1ms route_submit_p99=10ms ack_response_count=18560 ack_response_p99=<1ms terminal_without_ack_count=81440
[ERROR]   MasterBatchEndToEndPerformanceTest.masterMeetsRateSloAcrossEngineScaleMatrix:696 client E2E P99 317.343 ms exceeds ceiling 250.000 ms ==> expected: <true> but was: <false>
[INFO] BUILD FAILURE
FlexLB offered traffic: requests=30000 target_qps=3000 offered_qps=3000.1 pacing_lag_avg_us=9308.282 issue_call_avg_us=62.029
FlexLB client latency: requests=30000 target_qps=3000 client_avg=85.128ms
FlexLB offered traffic: requests=30000 target_qps=3000 offered_qps=3000.1 pacing_lag_avg_us=377.789 issue_call_avg_us=20.417
FlexLB client latency: requests=30000 target_qps=3000 client_avg=0.991ms
FlexLB Master engine-scale E2E: delivery=NON_BATCH decision=SINGLE prefill=750 decode=750 target_qps=3000 requests=30000 client_qps=2999.4 master_qps=3000.5 master_avg=0.058ms client_p50=0.532ms client_p90=0.688ms client_p95=0.787ms client_p99=17.429ms master_p50=<1ms master_p90=<1ms master_p95=<1ms master_p99=1ms active_prefill_rpc=0 active_prefill_route=750 active_decode_route=750 batch_wait_count=0 batch_wait_p50=N/A batch_wait_p90=N/A batch_wait_p95=N/A batch_wait_p99=N/A delivery_wait_count=30000 delivery_wait_p50=<1ms delivery_wait_p90=<1ms delivery_wait_p95=<1ms delivery_wait_p99=1ms dispatch_ack_count=0 dispatch_ack_p99=N/A engine_batches=0 batch_full=N/A window_timeout=N/A predicted_execution_cap=N/A single_request=N/A avg_batch=N/A max_batch=N/A grpc_queue_p99=<1ms route_submit_p99=1ms ack_response_count=0 ack_response_p99=N/A terminal_without_ack_count=0
FlexLB offered traffic: requests=100000 target_qps=10000 offered_qps=10000.1 pacing_lag_avg_us=3267.470 issue_call_avg_us=19.236
FlexLB client latency: requests=100000 target_qps=10000 client_avg=4.181ms
FlexLB offered traffic: requests=100000 target_qps=10000 offered_qps=10000.1 pacing_lag_avg_us=1937.821 issue_call_avg_us=16.640
FlexLB client latency: requests=100000 target_qps=10000 client_avg=3.173ms
FlexLB Master engine-scale E2E: delivery=NON_BATCH decision=SINGLE prefill=750 decode=750 target_qps=10000 requests=100000 client_qps=9995.1 master_qps=10002.9 master_avg=0.306ms client_p50=0.526ms client_p90=0.773ms client_p95=8.988ms client_p99=83.937ms master_p50=<1ms master_p90=<1ms master_p95=<1ms master_p99=10ms active_prefill_rpc=0 active_prefill_route=750 active_decode_route=750 batch_wait_count=0 batch_wait_p50=N/A batch_wait_p90=N/A batch_wait_p95=N/A batch_wait_p99=N/A delivery_wait_count=100000 delivery_wait_p50=<1ms delivery_wait_p90=<1ms delivery_wait_p95=<1ms delivery_wait_p99=1ms dispatch_ack_count=0 dispatch_ack_p99=N/A engine_batches=0 batch_full=N/A window_timeout=N/A predicted_execution_cap=N/A single_request=N/A avg_batch=N/A max_batch=N/A grpc_queue_p99=3ms route_submit_p99=8ms ack_response_count=0 ack_response_p99=N/A terminal_without_ack_count=0
[INFO] BUILD SUCCESS
Logs: ../after-perf-final
