FlexLB offered traffic: requests=30000 target_qps=3000 offered_qps=3000.1 pacing_lag_avg_us=81208.883 issue_call_avg_us=83.494
FlexLB client latency: requests=30000 target_qps=3000 client_avg=180.057ms
FlexLB offered traffic: requests=30000 target_qps=3000 offered_qps=3000.1 pacing_lag_avg_us=2695.286 issue_call_avg_us=17.121
FlexLB client latency: requests=30000 target_qps=3000 client_avg=20.683ms
FlexLB Master engine-scale E2E: delivery=BATCH decision=FIXED_WINDOW prefill=750 decode=750 target_qps=3000 requests=30000 client_qps=2996.8 master_qps=3000.7 master_avg=17.226ms client_p50=10.913ms client_p90=11.566ms client_p95=73.641ms client_p99=250.293ms master_p50=10ms master_p90=11ms master_p95=21ms master_p99=250ms active_prefill_rpc=750 active_prefill_route=750 active_decode_route=750 batch_wait_count=30000 batch_wait_p50=10ms batch_wait_p90=10ms batch_wait_p95=10ms batch_wait_p99=243ms delivery_wait_count=30000 delivery_wait_p50=10ms delivery_wait_p90=11ms delivery_wait_p95=11ms delivery_wait_p99=11ms dispatch_ack_count=1956 dispatch_ack_p99=18ms engine_batches=29961 batch_full=0 window_timeout=29961 predicted_execution_cap=0 single_request=0 avg_batch=1.00 max_batch=4 grpc_queue_p99=<1ms route_submit_p99=9ms ack_response_count=1956 ack_response_p99=<1ms terminal_without_ack_count=28044
FlexLB offered traffic: requests=100000 target_qps=10000 offered_qps=10000.1 pacing_lag_avg_us=10717.709 issue_call_avg_us=19.334
FlexLB client latency: requests=100000 target_qps=10000 client_avg=24.842ms
FlexLB offered traffic: requests=100000 target_qps=10000 offered_qps=10000.1 pacing_lag_avg_us=6832.699 issue_call_avg_us=13.657
FlexLB client latency: requests=100000 target_qps=10000 client_avg=20.679ms
FlexLB Master engine-scale E2E: delivery=BATCH decision=FIXED_WINDOW prefill=750 decode=750 target_qps=10000 requests=100000 client_qps=9989.1 master_qps=10004.0 master_avg=13.038ms client_p50=11.029ms client_p90=42.900ms client_p95=67.526ms client_p99=205.298ms master_p50=10ms master_p90=16ms master_p95=22ms master_p99=69ms active_prefill_rpc=750 active_prefill_route=750 active_decode_route=750 batch_wait_count=100000 batch_wait_p50=10ms batch_wait_p90=10ms batch_wait_p95=10ms batch_wait_p99=52ms delivery_wait_count=100000 delivery_wait_p50=10ms delivery_wait_p90=11ms delivery_wait_p95=11ms delivery_wait_p99=52ms dispatch_ack_count=27039 dispatch_ack_p99=3ms engine_batches=97730 batch_full=36 window_timeout=97694 predicted_execution_cap=0 single_request=0 avg_batch=1.02 max_batch=16 grpc_queue_p99=<1ms route_submit_p99=23ms ack_response_count=27039 ack_response_p99=<1ms terminal_without_ack_count=72961
[ERROR]   MasterBatchEndToEndPerformanceTest.masterMeetsRateSloAcrossEngineScaleMatrix:696 client E2E P99 250.293 ms exceeds ceiling 250.000 ms ==> expected: <true> but was: <false>
[ERROR]   MasterBatchEndToEndPerformanceTest.masterMeetsRateSloAcrossEngineScaleMatrix:721 delivery wait P99 52 ms exceeds ceiling 50 ms ==> expected: <true> but was: <false>
[INFO] BUILD FAILURE
FlexLB offered traffic: requests=30000 target_qps=3000 offered_qps=3000.1 pacing_lag_avg_us=15687.253 issue_call_avg_us=62.349
FlexLB client latency: requests=30000 target_qps=3000 client_avg=100.350ms
FlexLB offered traffic: requests=30000 target_qps=3000 offered_qps=3000.1 pacing_lag_avg_us=317.263 issue_call_avg_us=12.854
FlexLB client latency: requests=30000 target_qps=3000 client_avg=0.826ms
FlexLB Master engine-scale E2E: delivery=NON_BATCH decision=SINGLE prefill=750 decode=750 target_qps=3000 requests=30000 client_qps=2999.7 master_qps=3000.6 master_avg=0.030ms client_p50=0.464ms client_p90=0.585ms client_p95=0.674ms client_p99=13.288ms master_p50=<1ms master_p90=<1ms master_p95=<1ms master_p99=1ms active_prefill_rpc=0 active_prefill_route=750 active_decode_route=750 batch_wait_count=0 batch_wait_p50=N/A batch_wait_p90=N/A batch_wait_p95=N/A batch_wait_p99=N/A delivery_wait_count=30000 delivery_wait_p50=<1ms delivery_wait_p90=<1ms delivery_wait_p95=<1ms delivery_wait_p99=1ms dispatch_ack_count=0 dispatch_ack_p99=N/A engine_batches=0 batch_full=N/A window_timeout=N/A predicted_execution_cap=N/A single_request=N/A avg_batch=N/A max_batch=N/A grpc_queue_p99=<1ms route_submit_p99=1ms ack_response_count=0 ack_response_p99=N/A terminal_without_ack_count=0
FlexLB offered traffic: requests=100000 target_qps=10000 offered_qps=10000.1 pacing_lag_avg_us=2395.298 issue_call_avg_us=17.555
FlexLB client latency: requests=100000 target_qps=10000 client_avg=2.978ms
FlexLB offered traffic: requests=100000 target_qps=10000 offered_qps=10000.1 pacing_lag_avg_us=1126.421 issue_call_avg_us=9.632
FlexLB client latency: requests=100000 target_qps=10000 client_avg=1.968ms
FlexLB Master engine-scale E2E: delivery=NON_BATCH decision=SINGLE prefill=750 decode=750 target_qps=10000 requests=100000 client_qps=9996.0 master_qps=10002.5 master_avg=0.238ms client_p50=0.418ms client_p90=0.544ms client_p95=1.002ms client_p99=50.712ms master_p50=<1ms master_p90=<1ms master_p95=<1ms master_p99=8ms active_prefill_rpc=0 active_prefill_route=750 active_decode_route=750 batch_wait_count=0 batch_wait_p50=N/A batch_wait_p90=N/A batch_wait_p95=N/A batch_wait_p99=N/A delivery_wait_count=100000 delivery_wait_p50=<1ms delivery_wait_p90=<1ms delivery_wait_p95=<1ms delivery_wait_p99=1ms dispatch_ack_count=0 dispatch_ack_p99=N/A engine_batches=0 batch_full=N/A window_timeout=N/A predicted_execution_cap=N/A single_request=N/A avg_batch=N/A max_batch=N/A grpc_queue_p99=<1ms route_submit_p99=7ms ack_response_count=0 ack_response_p99=N/A terminal_without_ack_count=0
[INFO] BUILD SUCCESS
Logs: ../after-perf-cleanup
