FlexLB offered traffic: requests=30000 target_qps=3000 offered_qps=3000.1 pacing_lag_avg_us=13299.538 issue_call_avg_us=72.244
FlexLB client latency: requests=30000 target_qps=3000 client_avg=223.484ms
FlexLB offered traffic: requests=30000 target_qps=3000 offered_qps=3000.1 pacing_lag_avg_us=4151.563 issue_call_avg_us=16.389
FlexLB client latency: requests=30000 target_qps=3000 client_avg=22.333ms
FlexLB Master engine-scale E2E: delivery=BATCH decision=FIXED_WINDOW prefill=750 decode=750 target_qps=3000 requests=30000 client_qps=2996.8 master_qps=3000.8 master_avg=17.430ms client_p50=10.975ms client_p90=16.471ms client_p95=107.998ms client_p99=249.307ms master_p50=10ms master_p90=11ms master_p95=18ms master_p99=249ms active_prefill_rpc=750 active_prefill_route=750 active_decode_route=750 batch_wait_count=30000 batch_wait_p50=10ms batch_wait_p90=10ms batch_wait_p95=10ms batch_wait_p99=242ms delivery_wait_count=30000 delivery_wait_p50=10ms delivery_wait_p90=11ms delivery_wait_p95=11ms delivery_wait_p99=11ms dispatch_ack_count=3746 dispatch_ack_p99=1ms engine_batches=29969 batch_full=0 window_timeout=29969 predicted_execution_cap=0 single_request=0 avg_batch=1.00 max_batch=3 grpc_queue_p99=<1ms route_submit_p99=8ms ack_response_count=3746 ack_response_p99=<1ms terminal_without_ack_count=26254
FlexLB offered traffic: requests=100000 target_qps=10000 offered_qps=10000.1 pacing_lag_avg_us=19548.013 issue_call_avg_us=27.085
FlexLB client latency: requests=100000 target_qps=10000 client_avg=36.204ms
FlexLB offered traffic: requests=100000 target_qps=10000 offered_qps=10000.1 pacing_lag_avg_us=14440.911 issue_call_avg_us=18.851
FlexLB client latency: requests=100000 target_qps=10000 client_avg=29.773ms
FlexLB Master engine-scale E2E: delivery=BATCH decision=FIXED_WINDOW prefill=750 decode=750 target_qps=10000 requests=100000 client_qps=9989.1 master_qps=10007.2 master_avg=14.493ms client_p50=11.094ms client_p90=76.517ms client_p95=130.214ms client_p99=277.330ms master_p50=10ms master_p90=16ms master_p95=27ms master_p99=95ms active_prefill_rpc=750 active_prefill_route=750 active_decode_route=750 batch_wait_count=100000 batch_wait_p50=10ms batch_wait_p90=10ms batch_wait_p95=11ms batch_wait_p99=84ms delivery_wait_count=100000 delivery_wait_p50=10ms delivery_wait_p90=11ms delivery_wait_p95=11ms delivery_wait_p99=84ms dispatch_ack_count=31451 dispatch_ack_p99=9ms engine_batches=95966 batch_full=51 window_timeout=95915 predicted_execution_cap=0 single_request=0 avg_batch=1.04 max_batch=16 grpc_queue_p99=<1ms route_submit_p99=23ms ack_response_count=31451 ack_response_p99=<1ms terminal_without_ack_count=68549
[ERROR]   MasterBatchEndToEndPerformanceTest.masterMeetsRateSloAcrossEngineScaleMatrix:733 Master batch wait P99 242 ms exceeds ceiling 50 ms ==> expected: <true> but was: <false>
[ERROR]   MasterBatchEndToEndPerformanceTest.masterMeetsRateSloAcrossEngineScaleMatrix:696 client E2E P99 277.330 ms exceeds ceiling 250.000 ms ==> expected: <true> but was: <false>
[INFO] BUILD FAILURE
FlexLB offered traffic: requests=30000 target_qps=3000 offered_qps=3000.1 pacing_lag_avg_us=6381.189 issue_call_avg_us=58.158
FlexLB client latency: requests=30000 target_qps=3000 client_avg=141.310ms
FlexLB offered traffic: requests=30000 target_qps=3000 offered_qps=3000.1 pacing_lag_avg_us=1030.462 issue_call_avg_us=18.947
FlexLB client latency: requests=30000 target_qps=3000 client_avg=1.602ms
FlexLB Master engine-scale E2E: delivery=NON_BATCH decision=SINGLE prefill=750 decode=750 target_qps=3000 requests=30000 client_qps=2999.3 master_qps=3000.9 master_avg=0.063ms client_p50=0.485ms client_p90=0.625ms client_p95=0.722ms client_p99=43.605ms master_p50=<1ms master_p90=<1ms master_p95=<1ms master_p99=2ms active_prefill_rpc=0 active_prefill_route=750 active_decode_route=750 batch_wait_count=0 batch_wait_p50=N/A batch_wait_p90=N/A batch_wait_p95=N/A batch_wait_p99=N/A delivery_wait_count=30000 delivery_wait_p50=<1ms delivery_wait_p90=<1ms delivery_wait_p95=<1ms delivery_wait_p99=<1ms dispatch_ack_count=0 dispatch_ack_p99=N/A engine_batches=0 batch_full=N/A window_timeout=N/A predicted_execution_cap=N/A single_request=N/A avg_batch=N/A max_batch=N/A grpc_queue_p99=<1ms route_submit_p99=2ms ack_response_count=0 ack_response_p99=N/A terminal_without_ack_count=0
FlexLB offered traffic: requests=100000 target_qps=10000 offered_qps=10000.1 pacing_lag_avg_us=2546.380 issue_call_avg_us=20.492
FlexLB client latency: requests=100000 target_qps=10000 client_avg=3.357ms
FlexLB offered traffic: requests=100000 target_qps=10000 offered_qps=9887.1 pacing_lag_avg_us=2990.873 issue_call_avg_us=20.427
FlexLB client latency: requests=100000 target_qps=10000 client_avg=4.085ms
FlexLB Master engine-scale E2E: delivery=NON_BATCH decision=SINGLE prefill=750 decode=750 target_qps=10000 requests=100000 client_qps=9879.7 master_qps=9889.3 master_avg=0.348ms client_p50=0.493ms client_p90=0.771ms client_p95=27.895ms client_p99=85.015ms master_p50=<1ms master_p90=<1ms master_p95=<1ms master_p99=11ms active_prefill_rpc=0 active_prefill_route=750 active_decode_route=750 batch_wait_count=0 batch_wait_p50=N/A batch_wait_p90=N/A batch_wait_p95=N/A batch_wait_p99=N/A delivery_wait_count=100000 delivery_wait_p50=<1ms delivery_wait_p90=<1ms delivery_wait_p95=<1ms delivery_wait_p99=1ms dispatch_ack_count=0 dispatch_ack_p99=N/A engine_batches=0 batch_full=N/A window_timeout=N/A predicted_execution_cap=N/A single_request=N/A avg_batch=N/A max_batch=N/A grpc_queue_p99=<1ms route_submit_p99=11ms ack_response_count=0 ack_response_p99=N/A terminal_without_ack_count=0
[INFO] BUILD SUCCESS
Logs: ../before-perf-final
